
> dev
> vite --host 127.0.0.1

Inertia SSR dev endpoint: /__inertia_ssr
[2m02.37.52[22m [36m[1m[vite][22m[39m [90m[2m(client)[22m[39m info: Types generated for actions, routes, form variants
  Plugin: [35m@laravel/vite-plugin-wayfinder[39m
[2m02.37.53[22m [36m[1m[vite][22m[39m [90m[2m(client)[22m[39m Re-optimizing dependencies because vite config has changed
Warming up Inertia SSR module graph...

  [32m[1mVITE[22m v8.0.16[39m  [2mready in [0m[1m22530[22m[2m[0m ms[22m

  [32m➜[39m  [1mLocal[22m:   [36mhttp://127.0.0.1:[1m5173[22m/[39m

  [31m[1mLARAVEL[22m v13.13.0[39m  [2mplugin[22m [1mv3.1.0[22m

  [32m➜[39m  [1mAPP_URL[22m: [36mhttp://localhost:[1m8000[22m[39m
[2m02.38.05[22m [36m[1m[vite][22m[39m [90m[2m(client)[22m[39m [optimizer] scanning dependencies...
[2m02.38.51[22m [36m[1m[vite][22m[39m [90m[2m(client)[22m[39m [optimizer] bundling dependencies...
[2m02.39.14[22m [36m[1m[vite][22m[39m [90m[2m(client)[22m[39m [optimizer] bundling dependencies...
[2m02.39.35[22m [36m[1m[vite][22m[39m [90m[2m(client)[22m[39m [optimizer] bundling dependencies...
SSR skipped, module graph is still warming up...
[2m02.39.54[22m [36m[1m[vite][22m[39m [90m[2m(client)[22m[39m [optimizer] bundling dependencies...
[2m02.40.07[22m [36m[1m[vite][22m[39m [90m[2m(client)[22m[39m [optimizer] bundling dependencies...
Inertia SSR module graph warmed up
[2m02.40.24[22m [36m[1m[vite][22m[39m [90m[2m(client)[22m[39m [32m✨ new dependencies optimized: [33m@base-ui/react, @dnd-kit/core, @dnd-kit/modifiers, @dnd-kit/sortable, @dnd-kit/utilities, @laravel/passkeys/react, @radix-ui/react-checkbox, @radix-ui/react-label, @radix-ui/react-toggle-group, @radix-ui/react-toggle, @tabler/icons-react, @tanstack/react-table, cmdk, embla-carousel-react, jspdf-autotable, jspdf, leaflet-draw, leaflet, leaflet.fullscreen, next-themes, react-dom/server, react-leaflet-markercluster, react-leaflet, recharts, vaul, write-excel-file/browser, zod[32m[39m
[2m02.40.24[22m [36m[1m[vite][22m[39m [90m[2m(client)[22m[39m [32m✨ optimized dependencies changed. reloading[39m
